#-----------------------------------------------------------
# Vivado v2019.1 (64-bit)
# SW Build 2552052 on Fri May 24 14:49:42 MDT 2019
# IP Build 2548770 on Fri May 24 18:01:18 MDT 2019
# Start of session at: Sat Apr 23 11:19:14 2022
# Process ID: 15292
# Current directory: E:/projectRerun
# Command line: vivado.exe -gui_launcher_event rodinguilauncherevent2876 E:\projectRerun\projectRerun.xpr
# Log file: E:/projectRerun/vivado.log
# Journal file: E:/projectRerun\vivado.jou
#-----------------------------------------------------------
start_gui
open_project E:/projectRerun/projectRerun.xpr
update_compile_order -fileset sources_1
create_ip -name blk_mem_gen -vendor xilinx.com -library ip -version 8.4 -module_name blk_mem_gen_0 -dir e:/projectRerun/projectRerun.srcs/sources_1/ip
set_property -dict [list CONFIG.Memory_Type {Single_Port_ROM} CONFIG.Write_Width_A {8} CONFIG.Write_Depth_A {374272} CONFIG.Read_Width_A {8} CONFIG.Enable_A {Always_Enabled} CONFIG.Write_Width_B {8} CONFIG.Read_Width_B {8} CONFIG.Load_Init_File {true} CONFIG.Coe_File {E:/projectRerun/image_to_RGB_2018_coe/image.coe} CONFIG.Port_A_Write_Rate {0}] [get_ips blk_mem_gen_0]
generate_target {instantiation_template} [get_files e:/projectRerun/projectRerun.srcs/sources_1/ip/blk_mem_gen_0/blk_mem_gen_0.xci]
update_compile_order -fileset sources_1
generate_target all [get_files  e:/projectRerun/projectRerun.srcs/sources_1/ip/blk_mem_gen_0/blk_mem_gen_0.xci]
catch { config_ip_cache -export [get_ips -all blk_mem_gen_0] }
export_ip_user_files -of_objects [get_files e:/projectRerun/projectRerun.srcs/sources_1/ip/blk_mem_gen_0/blk_mem_gen_0.xci] -no_script -sync -force -quiet
create_ip_run [get_files -of_objects [get_fileset sources_1] e:/projectRerun/projectRerun.srcs/sources_1/ip/blk_mem_gen_0/blk_mem_gen_0.xci]
launch_runs -jobs 4 blk_mem_gen_0_synth_1
export_simulation -of_objects [get_files e:/projectRerun/projectRerun.srcs/sources_1/ip/blk_mem_gen_0/blk_mem_gen_0.xci] -directory E:/projectRerun/projectRerun.ip_user_files/sim_scripts -ip_user_files_dir E:/projectRerun/projectRerun.ip_user_files -ipstatic_source_dir E:/projectRerun/projectRerun.ip_user_files/ipstatic -lib_map_path [list {modelsim=E:/projectRerun/projectRerun.cache/compile_simlib/modelsim} {questa=E:/projectRerun/projectRerun.cache/compile_simlib/questa} {riviera=E:/projectRerun/projectRerun.cache/compile_simlib/riviera} {activehdl=E:/projectRerun/projectRerun.cache/compile_simlib/activehdl}] -use_ip_compiled_libs -force -quiet
